// Jest Snapshot v1, https://goo.gl/fbAQLP

exports[`<Dropdown /> when it has complete data should be same as snapshot 1`] = `
<SelectField
  autoWidth={false}
  disabled={false}
  floatingLabelText="Filter labels"
  fullWidth={false}
  hintText="Filter labels"
  maxHeight={200}
  multiple={false}
  onChange={[Function]}
>
  <MenuItem
    anchorOrigin={
      Object {
        "horizontal": "right",
        "vertical": "top",
      }
    }
    checked={false}
    desktop={false}
    disabled={false}
    focusState="none"
    insetChildren={false}
    primaryText="GIT"
    targetOrigin={
      Object {
        "horizontal": "left",
        "vertical": "top",
      }
    }
    value="GIT"
  />
  <MenuItem
    anchorOrigin={
      Object {
        "horizontal": "right",
        "vertical": "top",
      }
    }
    checked={false}
    desktop={false}
    disabled={false}
    focusState="none"
    insetChildren={false}
    primaryText="unit test"
    targetOrigin={
      Object {
        "horizontal": "left",
        "vertical": "top",
      }
    }
    value="unit test"
  />
  <MenuItem
    anchorOrigin={
      Object {
        "horizontal": "right",
        "vertical": "top",
      }
    }
    checked={false}
    desktop={false}
    disabled={false}
    focusState="none"
    insetChildren={false}
    primaryText="Full Stack"
    targetOrigin={
      Object {
        "horizontal": "left",
        "vertical": "top",
      }
    }
    value="Full Stack"
  />
  <MenuItem
    anchorOrigin={
      Object {
        "horizontal": "right",
        "vertical": "top",
      }
    }
    checked={false}
    desktop={false}
    disabled={false}
    focusState="none"
    insetChildren={false}
    primaryText="[F] React"
    targetOrigin={
      Object {
        "horizontal": "left",
        "vertical": "top",
      }
    }
    value="[F] React"
  />
  <MenuItem
    anchorOrigin={
      Object {
        "horizontal": "right",
        "vertical": "top",
      }
    }
    checked={false}
    desktop={false}
    disabled={false}
    focusState="none"
    insetChildren={false}
    primaryText="[F] Vue.js"
    targetOrigin={
      Object {
        "horizontal": "left",
        "vertical": "top",
      }
    }
    value="[F] Vue.js"
  />
  <MenuItem
    anchorOrigin={
      Object {
        "horizontal": "right",
        "vertical": "top",
      }
    }
    checked={false}
    desktop={false}
    disabled={false}
    focusState="none"
    insetChildren={false}
    primaryText="[F] D3.js"
    targetOrigin={
      Object {
        "horizontal": "left",
        "vertical": "top",
      }
    }
    value="[F] D3.js"
  />
  <MenuItem
    anchorOrigin={
      Object {
        "horizontal": "right",
        "vertical": "top",
      }
    }
    checked={false}
    desktop={false}
    disabled={false}
    focusState="none"
    insetChildren={false}
    primaryText="[B] NodeJS"
    targetOrigin={
      Object {
        "horizontal": "left",
        "vertical": "top",
      }
    }
    value="[B] NodeJS"
  />
  <MenuItem
    anchorOrigin={
      Object {
        "horizontal": "right",
        "vertical": "top",
      }
    }
    checked={false}
    desktop={false}
    disabled={false}
    focusState="none"
    insetChildren={false}
    primaryText="[B] GraphQL"
    targetOrigin={
      Object {
        "horizontal": "left",
        "vertical": "top",
      }
    }
    value="[B] GraphQL"
  />
  <MenuItem
    anchorOrigin={
      Object {
        "horizontal": "right",
        "vertical": "top",
      }
    }
    checked={false}
    desktop={false}
    disabled={false}
    focusState="none"
    insetChildren={false}
    primaryText="[B] ROR"
    targetOrigin={
      Object {
        "horizontal": "left",
        "vertical": "top",
      }
    }
    value="[B] ROR"
  />
  <MenuItem
    anchorOrigin={
      Object {
        "horizontal": "right",
        "vertical": "top",
      }
    }
    checked={false}
    desktop={false}
    disabled={false}
    focusState="none"
    insetChildren={false}
    primaryText="年薪百萬"
    targetOrigin={
      Object {
        "horizontal": "left",
        "vertical": "top",
      }
    }
    value="年薪百萬"
  />
</SelectField>
`;
