// Jest Snapshot v1, https://goo.gl/fbAQLP

exports[`container <JobList /> should be same as snapshot 1`] = `
<Jobs
  filterJobsRequest={[Function]}
  getLabelsRequest={[Function]}
  labels={
    Array [
      "GIT",
      "unit test",
      "Full Stack",
      "[F] React",
      "[F] Vue.js",
      "[F] D3.js",
      "[B] NodeJS",
      "[B] GraphQL",
      "[B] ROR",
      "年薪百萬",
    ]
  }
/>
`;
